### CODE-vs-CLAIMS verification  branch=ishani/remove-repo-visualizer HEAD=0e4ba0c

=== C-1: endpoint name ===
PAPER section_3_design_aisec.tex:24 ->
The system exposes a single HTTP endpoint \texttt{POST /parliament/evaluate}
CODE server.py routes ->
530:@app.get("/health")
550:@app.post("/hook/seed_intent")
556:@app.post("/hook/check_drift")
568:@app.post("/hook/parliament", response_model=ParliamentResponse)
745:@app.get("/ledger/verify")
807:@app.get("/ledger/votes")
VERDICT C-1: CONFIRMED — paper says /parliament/evaluate; code only has /hook/parliament (+ others). No /parliament/evaluate route exists.

=== C-2: server.py line count ===
README claim: 585 lines
ACTUAL:
859 parliament/server.py
VERDICT C-2: CONFIRMED — 859 actual vs 585 claimed.

=== C-4/C-7: port + env var ===
PAPER:179 ->
\texttt{KAVACH\_URL} (default: \texttt{http://localhost:8000}) and
CODE plugin default ->
45:  parliamentUrl: string;       // http://127.0.0.1:8088
VERDICT C-4: CONFIRMED port :8000 (paper) vs :8088 (code). C-7: 'KAVACH_URL' env var not used; config field is parliamentUrl.

=== C-5: L1 syntactic regex tier (paper claims, code?) ===
PAPER:62-65 ->
  \item \textbf{Syntactic tier (L1).} Regex and exact-match rules over the
        raw action string. Matches produce an \texttt{L1\_hit} flag and a
        severity label. High-severity L1 hits short-circuit to \textsc{Block}
        without invoking the semantic tier.
CODE ministers.py regex/short-circuit search count ->
0
VERDICT C-5: CONFIRMED — paper describes a regex/exact-match L1 tier with BLOCK short-circuit; ministers.py implements none (cosine-only). Feature does not exist in code.
