### CORPUS COUNT verification  HEAD=0e4ba0c
new_patterns_channel.json: 25
new_patterns_channel_b.json: 25
new_patterns_executor.json: 50
new_patterns_navigator.json: 25
new_patterns_navigator_b.json: 25
new_patterns_vault.json: 25
new_patterns_vault_b.json: 25
CORPUS_V2 TOTAL: 200
--- v1 collections ---
  v1 EXECUTOR: 0
  v1 VAULT: 0
  v1 CHANNEL: 0
  v1 NAVIGATOR: 0
  v1 COMPASS: 0
v1 non-COMPASS total: 0

=== claims ===
README pattern-count claims:
192:| EXECUTOR | `kavach_executor` | Code exec, persistence, supply chain | T1059, T1546, T1195 |
205:- EXECUTOR: 276 docs (92 patterns × 3 levels)
206:- VAULT: 285 docs (95 patterns × 3 levels)
409:[DONE] ✅  Corpus — 382 patterns across four ministers
paper §1 '200 attack-pattern':
168:The corpus (200 attack-pattern descriptions + 100 COMPASS calibration pairs),
paper §3 '100 patterns':
79:        mechanisms, container escape (100 patterns; MITRE ATT\&CK T1059,
82:        queries, platform keychain enumeration (100 patterns; T1552, T1528,
85:        DNS, SMTP, cloud storage, git push, covert channels (100 patterns;
89:        (100 patterns; OWASP Agentic Top 10 2026 A01, T1083, T1082, T1070).
VERDICT F-4/F-5/C-3/S-2: corpus_v2 = 200 (50x4). Paper §1 says 200 (matches v2). Paper §3 says 100/minister=400 (WRONG). README 382 = stale v1 counts. CONFIRMED inconsistency.
