### ESCALATE re-adjudication  HEAD=0e4ba0c
--- does speaker_bayesian handle ESCALATE now? ---
    @staticmethod
    def _normalize_vote(vote: str) -> str:
        # The live parliament emits a three-way verdict {ALLOW, ESCALATE, BLOCK},
        # but the Bayesian aggregator reasons over the binary {ALLOW, BLOCK}.
        # ESCALATE is a grey-zone flag — a minister saw something near, but below,
        # its block threshold. It is NOT a definitive block, so we fold it into
        # ALLOW: a grey-zone vote contributes non-blocking evidence and never, on
        # its own, pushes the posterior toward BLOCK. This is the conservative
        # (no-over-block) reading and keeps offline §5 replay from crashing on the
        # ESCALATE votes that real minister_runs.jsonl dumps contain.
        return "ALLOW" if vote == "ESCALATE" else vote

    def _likelihood(self, vote: MinisterVote, candidate_decision: str) -> float:
        # ISSUE 1: ABSTAIN is exactly neutral (1.0 for both -> cancels).
        if vote.vote == "ABSTAIN":
            return 1.0
        vote_value = self._normalize_vote(vote.vote)
        # Validate vote value — unknown strings must not silently skew results
        if vote_value not in DECISIONS:
            raise ValueError(f"Invalid vote '{vote.vote}' from {vote.minister}; "
                             f"expected one of {DECISIONS + ['ESCALATE', 'ABSTAIN']}")
        r = self.store.get(vote.minister, vote_value)
--- runtime proof: aggregate an ESCALATE vote ---
ESCALATE aggregated OK -> ALLOW
VERDICT: the ESCALATE-crash finding is a FALSE POSITIVE vs current HEAD (fixed in commit 3fee87d, _normalize_vote). The audit read a stale AUDIT_ROUND_2_FINDINGS.md that predates the fix.
