INFO:     Started server process [2748]
INFO:     Waiting for application startup.
2026-06-12 11:50:52,576 INFO    kavach.parliament: loading BGE model: BAAI/bge-base-en-v1.5
2026-06-12 11:50:52,576 INFO    sentence_transformers.SentenceTransformer: Use pytorch device_name: cpu
2026-06-12 11:50:52,576 INFO    sentence_transformers.SentenceTransformer: Load pretrained SentenceTransformer: BAAI/bge-base-en-v1.5
2026-06-12 11:50:53,473 INFO    kavach.parliament: opening Chroma at: C:\Users\ishan\Desktop\Kavach\parliament\.chroma_kavach
2026-06-12 11:50:54,849 INFO    kavach.parliament: collection loaded: EXECUTOR → kavach_executor (300 docs)
2026-06-12 11:50:54,964 INFO    kavach.parliament: collection loaded: VAULT → kavach_vault (300 docs)
2026-06-12 11:50:55,081 INFO    kavach.parliament: collection loaded: CHANNEL → kavach_channel (300 docs)
2026-06-12 11:50:55,207 INFO    kavach.parliament: collection loaded: NAVIGATOR → kavach_navigator (300 docs)
2026-06-12 11:50:55,318 INFO    kavach.parliament: collection loaded: COMPASS → kavach_compass_calibration (200 docs)
2026-06-12 11:50:55,320 INFO    kavach.parliament: tech collection EXECUTOR not found — using v1 only
2026-06-12 11:50:55,321 INFO    kavach.parliament: tech collection VAULT not found — using v1 only
2026-06-12 11:50:55,323 INFO    kavach.parliament: tech collection CHANNEL not found — using v1 only
2026-06-12 11:50:55,325 INFO    kavach.parliament: tech collection NAVIGATOR not found — using v1 only
2026-06-12 11:50:55,325 INFO    kavach.parliament: building BM25 indexes for hybrid retrieval...
2026-06-12 11:50:55,454 INFO    kavach.parliament: BM25 index built: EXECUTOR (300 docs)
2026-06-12 11:50:55,569 INFO    kavach.parliament: BM25 index built: VAULT (300 docs)
2026-06-12 11:50:55,728 INFO    kavach.parliament: BM25 index built: CHANNEL (300 docs)
2026-06-12 11:50:55,838 INFO    kavach.parliament: BM25 index built: NAVIGATOR (300 docs)
2026-06-12 11:50:55,838 INFO    kavach.parliament: retrieval mode: hybrid
2026-06-12 11:50:55,838 INFO    kavach.parliament: loading router config: ./kavach_router_config.json
2026-06-12 11:50:55,839 INFO    kavach.parliament: router loaded ministers: ['EXECUTOR', 'VAULT', 'CHANNEL', 'NAVIGATOR']
2026-06-12 11:50:55,846 INFO    kavach.parliament: parliament ready on 127.0.0.1:8088  [retrieval=hybrid]
INFO:     Application startup complete.
ERROR:    [Errno 10048] error while attempting to bind on address ('127.0.0.1', 8088): only one usage of each socket address (protocol/network address/port) is normally permitted
INFO:     Waiting for application shutdown.
2026-06-12 11:50:55,846 INFO    kavach.parliament: parliament shutting down
INFO:     Application shutdown complete.
